ï¿½xxxï¿½xxxxxï¿½xï¿½xï¿½ï¿½xï¿½ï¿½ESP-ROM:esp32c3-api1-20210207
Build:Feb  7 2021
rst:0x1 (POWERON),boot:0xc (SPI_FAST_FLASH_BOOT)
SPIWP:0xee
mode:DIO, clock div:1
load:0x3fcd5820,len:0x1574
load:0x403cc710,len:0xc30
load:0x403ce710,len:0x2f58
entry 0x403cc71a
[0;32mI (30) boot: ESP-IDF v5.4-dirty 2nd stage bootloader[0m
[0;32mI (30) boot: compile time Feb  1 2025 15:13:01[0m
[0;32mI (30) boot: chip revision: v0.4[0m
[0;32mI (31) boot: efuse block revision: v1.3[0m
[0;32mI (34) boot.esp32c3: SPI Speed      : 80MHz[0m
[0;32mI (38) boot.esp32c3: SPI Mode       : DIO[0m
[0;32mI (42) boot.esp32c3: SPI Flash Size : 4MB[0m
[0;32mI (46) boot: Enabling RNG early entropy source...[0m
[0;32mI (50) boot: Partition Table:[0m
[0;32mI (53) boot: ## Label            Usage          Type ST Offset   Length[0m
[0;32mI (59) boot:  0 nvs              WiFi data        01 02 00009000 00006000[0m
[0;32mI (66) boot:  1 phy_init         RF data          01 01 0000f000 00001000[0m
[0;32mI (72) boot:  2 factory          factory app      00 00 00010000 00100000[0m
[0;32mI (79) boot: End of partition table[0m
[0;32mI (82) esp_image: segment 0: paddr=00010020 vaddr=3c020020 size=0a128h ( 41256) map[0m
[0;32mI (96) esp_image: segment 1: paddr=0001a150 vaddr=3fc8d400 size=01314h (  4884) load[0m
[0;32mI (97) esp_image: segment 2: paddr=0001b46c vaddr=40380000 size=04bach ( 19372) load[0m
[0;32mI (108) esp_image: segment 3: paddr=00020020 vaddr=42000020 size=1a390h (107408) map[0m
[0;32mI (129) esp_image: segment 4: paddr=0003a3b8 vaddr=40384bac size=08678h ( 34424) load[0m
[0;32mI (135) esp_image: segment 5: paddr=00042a38 vaddr=50000200 size=0001ch (    28) load[0m
[0;32mI (139) boot: Loaded app from partition at offset 0x10000[0m
[0;32mI (140) boot: Disabling RNG early entropy source...[0m
[0;32mI (154) cpu_start: Unicore app[0m
[0;32mI (162) cpu_start: Pro cpu start user code[0m
[0;32mI (162) cpu_start: cpu freq: 160000000 Hz[0m
[0;32mI (162) app_init: Application information:[0m
[0;32mI (162) app_init: Project name:     max30102_test[0m
[0;32mI (167) app_init: App version:      b72f95d-dirty[0m
[0;32mI (171) app_init: Compile time:     Feb  1 2025 15:12:55[0m
[0;32mI (176) app_init: ELF file SHA256:  f5ddbfdb2...[0m
[0;32mI (180) app_init: ESP-IDF:          v5.4-dirty[0m
[0;32mI (185) efuse_init: Min chip rev:     v0.4[0m
[0;32mI (188) efuse_init: Max chip rev:     v1.99 [0m
[0;32mI (192) efuse_init: Chip rev:         v0.4[0m
[0;32mI (196) heap_init: Initializing. RAM available for dynamic allocation:[0m
[0;32mI (203) heap_init: At 3FC8F670 len 00030990 (194 KiB): RAM[0m
[0;32mI (208) heap_init: At 3FCC0000 len 0001C710 (113 KiB): Retention RAM[0m
[0;32mI (214) heap_init: At 3FCDC710 len 00002950 (10 KiB): Retention RAM[0m
[0;32mI (220) heap_init: At 5000021C len 00001DCC (7 KiB): RTCRAM[0m
[0;32mI (226) spi_flash: detected chip: generic[0m
[0;32mI (229) spi_flash: flash io: dio[0m
[0;33mW (232) i2c: This driver is an old driver, please migrate your application code to adapt `driver/i2c_master.h`[0m
[0;32mI (241) sleep_gpio: Configure to isolate all GPIO pins in sleep state[0m
[0;32mI (248) sleep_gpio: Enable automatic switching of GPIO sleep configuration[0m
[0;32mI (266) main_task: Started on CPU0[0m
[0;32mI (266) main_task: Calling app_main()[0m
[0;32mI (266) MAX30102: Initializing I2C for MAX30102...[0m
[0;32mI (266) MAX30102: I2cdev initalized ![0m

assert failed: i2c_ll_master_cal_bus_clk /IDF/components/hal/esp32c3/include/hal/i2c_ll.h:115 (clk_cal->scl_wait_high < clk_cal->sda_sample && clk_cal->sda_sample < clk_cal->scl_high)
Core  0 register dump:
MEPC    : 0x40380880  RA      : 0x403852d6  SP      : 0x3fc92900  GP      : 0x3fc8dc00  
TP      : 0x3fc92be0  T0      : 0x37363534  T1      : 0x7271706f  T2      : 0x33323130  
S0/FP   : 0x00000010  S1      : 0x00000001  A0      : 0x3fc9293c  A1      : 0x3fc8dfb5  
A2      : 0x00000001  A3      : 0x00000029  A4      : 0x00000001  A5      : 0x3fc8f000  
A6      : 0x7a797877  A7      : 0x76757473  S2      : 0x00000009  S3      : 0x3fc92ac7  
S4      : 0x3fc8dfb4  S5      : 0x00000001  S6      : 0x00000000  S7      : 0x00000000  
S8      : 0x00000000  S9      : 0x00000000  S10     : 0x00000000  S11     : 0x00000000  
T3      : 0x6e6d6c6b  T4      : 0x6a696867  T5      : 0x66656463  T6      : 0x62613938  
MSTATUS : 0x00001881  MTVEC   : 0x40380001  MCAUSE  : 0x00000002  MTVAL   : 0x00000000  
MHARTID : 0x00000000  

Stack memory:
3fc92900: 0xa5a5a5a5 0xa5a5a5a5 0x3c029380 0x4038bc2a 0x3fc8dc9c 0x3c029380 0x3fc8dcac 0x3c027138
3fc92920: 0x3fc8dcb0 0x3fc92934 0x3fc8dcb4 0x3c0270e0 0x3fc8dfb4 0x00353131 0xa5a5a5a5 0x65737361
3fc92940: 0x66207472 0x656c6961 0x69203a64 0x6c5f6332 0x616d5f6c 0x72657473 0x6c61635f 0x7375625f
3fc92960: 0x6b6c635f 0x44492f20 0x6f632f46 0x6e6f706d 0x73746e65 0x6c61682f 0x7073652f 0x33633233
3fc92980: 0x636e692f 0x6564756c 0x6c61682f 0x6332692f 0x2e6c6c5f 0x31313a68 0x63282035 0x635f6b6c
3fc929a0: 0x3e2d6c61 0x5f6c6373 0x74696177 0x6769685f 0x203c2068 0x5f6b6c63 0x2d6c6163 0x6164733e
3fc929c0: 0x6d61735f 0x20656c70 0x63202626 0x635f6b6c 0x3e2d6c61 0x5f616473 0x706d6173 0x3c20656c
3fc929e0: 0x6b6c6320 0x6c61635f 0x63733e2d 0x69685f6c 0x00296867 0xa5a5a5a5 0xa5a5a5a5 0xa5a5a5a5
3fc92a00: 0xa5a5a5a5 0x00000000 0x00000000 0xa5000000 0xa5a5a5a5 0xa5a5a5a5 0x00000000 0x00000000
3fc92a20: 0x0000ffff 0x3fc92a5c 0x0000ffff 0x4200feb8 0xa5a5a5a5 0xa5a5a5a5 0x00000009 0x00000000
3fc92a40: 0x3fc8d690 0x3fc92a5c 0x3fc8d690 0x4200ff30 0xa5a5a5a5 0xa5a5a5a5 0x00000000 0xffff0000
3fc92a60: 0xffff0000 0xffffffff 0xffffffff 0x42000021 0x3fc92b78 0x0000000a 0x00000000 0x4200eec6
3fc92a80: 0xa5a5a5a5 0x00000000 0x00000001 0x3fc92b0f 0x3fc92b78 0x00000000 0x3fc92b74 0x42009392
3fc92aa0: 0x00000001 0x00000008 0x00000009 0x00000000 0x00000000 0x00000000 0x00000000 0x40385902
3fc92ac0: 0x00000000 0x3fc92b2f 0x3fc92b74 0x42009628 0x00000000 0x00000001 0x3fc92d3c 0x40385f78
3fc92ae0: 0x00000000 0x00000000 0x00000000 0x00000000 0x00000000 0x3fc92b74 0x00000000 0x4200994c
3fc92b00: 0x00000000 0x3fc92b74 0x3fc92b74 0xff00952e 0xa5a5a5a5 0xa5a5a5a5 0x00000000 0x4200999c
3fc92b20: 0xa5a5a5a5 0xa5a5a5a5 0x00000000 0x420099de 0xa5a5a5a5 0x00000000 0x00000000 0x4200913e
3fc92b40: 0x4038620c 0x00000000 0x00000000 0x3fc8dc00 0x3fc92be0 0x00000000 0x00000000 0x00000000
3fc92b60: 0x00000000 0x00000000 0x420090d6 0x00000000 0x00000000 0x00000000 0x00000000 0x00000008
3fc92b80: 0x00000009 0x00000000 0x00000000 0x00000000 0x00000000 0x00000057 0x3fc92d3c 0x00000000
3fc92ba0: 0x00000000 0x00000000 0x00000000 0x40386218 0x00000000 0x00000000 0x00000000 0x00000000
3fc92bc0: 0x00000000 0x00000000 0x00000000 0x00000000 0x00000000 0xa5a5a5a5 0xa5a5a5a5 0xa5a5a5a5
3fc92be0: 0xa5a5a5a5 0x00000150 0x3fc92b40 0x00000000 0x3fc8e928 0x3fc8e928 0x3fc92be8 0x3fc8e920
3fc92c00: 0x00000014 0x00000000 0x00000000 0x3fc92be8 0x00000000 0x00000005 0x3fc91be4 0x3378616d
3fc92c20: 0x32303130 0x7365745f 0x00000074 0x3fc92be0 0x00000005 0x00000002 0x00000000 0x00000000
3fc92c40: 0x00000000 0x3fc8fcb0 0x3fc8fd18 0x3fc8fd80 0x00000000 0x00000000 0x00000001 0x00000000
3fc92c60: 0x00000000 0x00000000 0x42004e48 0x00000000 0x00000000 0x00000000 0x00000000 0x00000000
3fc92c80: 0x00000000 0x00000000 0x00000000 0x00000000 0x00000000 0x00000000 0x00000000 0x00000000
3fc92ca0: 0x00000000 0x00000000 0x00000000 0x00000000 0x00000000 0x00000000 0x00000000 0x00000000
3fc92cc0: 0x00000000 0x00000000 0x00000000 0x00000000 0x00000000 0x00000000 0x00000000 0x00000000
3fc92ce0: 0x00000000 0x00000000 0x00000000 0x00000000 0x00000000 0x00000000 0x00000000 0x00000000



ELF file SHA256: f5ddbfdb2

Rebooting...
ESP-ROM:esp32c3-api1-20210207
Build:Feb  7 2021
rst:0xc (RTC_SW_CPU_RST),boot:0xc (SPI_FAST_FLASH_BOOT)
Saved PC:0x40380838
SPIWP:0xee
mode:DIO, clock div:1
load:0x3fcd5820,len:0x1574
load:0x403cc710,len:0xc30
load:0x403ce710,len:0x2f58
entry 0x403cc71a
[0;32mI (35) boot: ESP-IDF v5.4-dirty 2nd stage bootloader[0m
[0;32mI (35) boot: compile time Feb  1 2025 15:13:01[0m
[0;32mI (35) boot: chip revision: v0.4[0m
[0;32mI (35) boot: efuse block revision: v1.3[0m
[0;32mI (39) boot.esp32c3: SPI Speed      : 80MHz[0m
[0;32mI (43) boot.esp32c3: SPI Mode       : DIO[0m
[0;32mI (47) boot.esp32c3: SPI Flash Size : 4MB[0m
[0;32mI (50) boot: Enabling RNG early entropy source...[0m
[0;32mI (55) boot: Partition Table:[0m
[0;32mI (58) boot: ## Label            Usage          Type ST Offset   Length[0m
[0;32mI (64) boot:  0 nvs              WiFi data        01 02 00009000 00006000[0m
[0;32mI (70) boot:  1 phy_init         RF data          01 01 0000f000 00001000[0m
[0;32mI (77) boot:  2 factory          factory app      00 00 00010000 00100000[0m
[0;32mI (83) boot: End of partition table[0m
[0;32mI (87) esp_image: segment 0: paddr=00010020 vaddr=3c020020 size=0a128h ( 41256) map[0m
[0;32mI (101) esp_image: segment 1: paddr=0001a150 vaddr=3fc8d400 size=01314h (  4884) load[0m
[0;32mI (102) esp_image: segment 2: paddr=0001b46c vaddr=40380000 size=04bach ( 19372) load[0m
[0;32mI (113) esp_image: segment 3: paddr=00020020 vaddr=42000020 size=1a390h (107408) map[0m
[0;32mI (134) esp_image: segment 4: paddr=0003a3b8 vaddr=40384bac size=08678h ( 34424) load[0m
[0;32mI (140) esp_image: segment 5: paddr=00042a38 vaddr=50000200 size=0001ch (    28) load[0m
[0;32mI (144) boot: Loaded app from partition at offset 0x10000[0m
[0;32mI (145) boot: Disabling RNG early entropy source...[0m
[0;32mI (159) cpu_start: Unicore app[0m
[0;32mI (167) cpu_start: Pro cpu start user code[0m
[0;32mI (167) cpu_start: cpu freq: 160000000 Hz[0m
[0;32mI (167) app_init: Application information:[0m
[0;32mI (167) app_init: Project name:     max30102_test[0m
[0;32mI (172) app_init: App version:      b72f95d-dirty[0m
[0;32mI (176) app_init: Compile time:     Feb  1 2025 15:12:55[0m
[0;32mI (181) app_init: ELF file SHA256:  f5ddbfdb2...[0m
[0;32mI (185) app_init: ESP-IDF:          v5.4-dirty[0m
[0;32mI (190) efuse_init: Min chip rev:     v0.4[0m
[0;32mI (193) efuse_init: Max chip rev:     v1.99 [0m
[0;32mI (197) efuse_init: Chip rev:         v0.4[0m
[0;32mI (201) heap_init: Initializing. RAM available for dynamic allocation:[0m
[0;32mI (208) heap_init: At 3FC8F670 len 00030990 (194 KiB): RAM[0m
[0;32mI (213) heap_init: At 3FCC0000 len 0001C710 (113 KiB): Retention RAM[0m
[0;32mI (219) heap_init: At 3FCDC710 len 00002950 (10 KiB): Retention RAM[0m
[0;32mI (225) heap_init: At 5000021C len 00001DCC (7 KiB): RTCRAM[0m
[0;32mI (231) spi_flash: detected chip: generic[0m
[0;32mI (234) spi_flash: flash io: dio[0m
[0;33mW (237) i2c: This driver is an old driver, please migrate your application code to adapt `driver/i2c_master.h`[0m
[0;32mI (247) sleep_gpio: Configure to isolate all GPIO pins in sleep state[0m
[0;32mI (253) sleep_gpio: Enable automatic switching of GPIO sleep configuration[0m
[0;32mI (271) main_task: Started on CPU0[0m
[0;32mI (271) main_task: Calling app_main()[0m
[0;32mI (271) MAX30102: Initializing I2C for MAX30102...[0m
[0;32mI (271) MAX30102: I2cdev initalized ![0m

assert failed: i2c_ll_master_cal_bus_clk /IDF/components/hal/esp32c3/include/hal/i2c_ll.h:115 (clk_cal->scl_wait_high < clk_cal->sda_sample && clk_cal->sda_sample < clk_cal->scl_high)
Core  0 register dump:
MEPC    : 0x40380880  RA      : 0x403852d6  SP      : 0x3fc92900  GP      : 0x3fc8dc00  
TP      : 0x3fc92be0  T0      : 0x37363534  T1      : 0x7271706f  T2      : 0x33323130  
S0/FP   : 0x00000010  S1      : 0x00000001  A0      : 0x3fc9293c  A1      : 0x3fc8dfb5  
A2      : 0x00000001  A3      : 0x00000029  A4      : 0x00000001  A5      : 0x3fc8f000  
A6      : 0x7a797877  A7      : 0x76757473  S2      : 0x00000009  S3      : 0x3fc92ac7  
S4      : 0x3fc8dfb4  S5      : 0x00000001  S6      : 0x00000000  S7      : 0x00000000  
S8      : 0x00000000  S9      : 0x00000000  S10     : 0x00000000  S11     : 0x00000000  
T3      : 0x6e6d6c6b  T4      : 0x6a696867  T5      : 0x66656463  T6      : 0x62613938  
MSTATUS : 0x00001881  MTVEC   : 0x40380001  MCAUSE  : 0x00000002  MTVAL   : 0x00000000  
MHARTID : 0x00000000  

Stack memory:
3fc92900: 0xa5a5a5a5 0xa5a5a5a5 0x3c029380 0x4038bc2a 0x3fc8dc9c 0x3c029380 0x3fc8dcac 0x3c027138
3fc92920: 0x3fc8dcb0 0x3fc92934 0x3fc8dcb4 0x3c0270e0 0x3fc8dfb4 0x00353131 0xa5a5a5a5 0x65737361
3fc92940: 0x66207472 0x656c6961 0x69203a64 0x6c5f6332 0x616d5f6c 0x72657473 0x6c61635f 0x7375625f
3fc92960: 0x6b6c635f 0x44492f20 0x6f632f46 0x6e6f706d 0x73746e65 0x6c61682f 0x7073652f 0x33633233
3fc92980: 0x636e692f 0x6564756c 0x6c61682f 0x6332692f 0x2e6c6c5f 0x31313a68 0x63282035 0x635f6b6c
3fc929a0: 0x3e2d6c61 0x5f6c6373 0x74696177 0x6769685f 0x203c2068 0x5f6b6c63 0x2d6c6163 0x6164733e
3fc929c0: 0x6d61735f 0x20656c70 0x63202626 0x635f6b6c 0x3e2d6c61 0x5f616473 0x706d6173 0x3c20656c
a5a5 0xa5a5a5a5 0xa5a5a5a5
3fc92a00: 0xa5a5a5a5 0x00000000 0x00000000 0xa5000000 0xa5a5a5a5 0xa5a5a5a5 0x00000000 0x00000000
3fc92a20: 0x0000ffff 0x3fc92a5c 0x0000ffff 0x4200feb8 0xa5a5a5a5 0xa5a5a5a5 0x00000009 0x00000000
3fc92a40: 0x3fc8d690 0x3fc92a5c 0x3fc8d690 0x4200ff30 0xa5a5a5a5 0xa5a5a5a5 0x00000000 0xffff0000
3fc92a60: 0xffff0000 0xffffffff 0xffffffff 0x42000021 0x3fc92b78 0x0000000a 0x00000000 0x4200eec6
3fc92a80: 0xa5a5a5a5 0x00000000 0x00000001 0x3fc92b0f 0x3fc92b78 0x00000000 0x3fc92b74 0x42009392
3fc92aa0: 0x00000001 0x00000008 0x00000009 0x00000000 0x00000000 0x00000000 0x00000000 0x40385902
3fc92ac0: 0x00000000 0x3fc92b2f 0x3fc92b74 0x42009628 0x00000000 0x00000001 0x3fc92d3c 0x40385f78
3fc92ae0: 0x00000000 0x00000000 0x00000000 0x00000000 0x00000000 0x3fc92b74 0x00000000 0x4200994c
3fc92b00: 0x00000000 0x3fc92b74 0x3fc92b74 0xff00952e 0xa5a5a5a5 0xa5a5a5a5 0x00000000 0x4200999c
3fc92b20: 0xa5a5a5a5 0xa5a5a5a5 0x00000000 0x420099de 0xa5a5a5a5 0x00000000 0x00000000 0x4200913e
3fc92b40: 0x4038620c 0x00000000 0x00000000 0x3fc8dc00 0x3fc92be0 0x00000000 0x00000000 0x00000000
3fc92b60: 0x00000000 0x00000000 0x420090d6 0x00000000 0x00000000 0x00000000 0x00000000 0x00000008
3fc92b80: 0x00000009 0x00000000 0x00000000 0x00000000 0x00000000 0x00000057 0x3fc92d3c 0x00000000
3fc92ba0: 0x00000000 0x00000000 0x00000000 0x40386218 0x00000000 0x00000000 0x00000000 0x00000000
3fc92bc0: 0x00000000 0x00000000 0x00000000 0x00000000 0x00000000 0xa5a5a5a5 0xa5a5a5a5 0xa5a5a5a5
3fc92be0: 0xa5a5a5a5 0x00000150 0x3fc92b40 0x00000000 0x3fc8e928 0x3fc8e928 0x3fc92be8 0x3fc8e920
3fc92c00: 0x00000014 0x00000000 0x00000000 0x3fc92be8 0x00000000 0x00000005 0x3fc91be4 0x3378616d
3fc92c20: 0x32303130 0x7365745f 0x00000074 0x3fc92be0 0x00000005 0x00000002 0x00000000 0x00000000
3fc92c40: 0x00000000 0x3fc8fcb0 0x3fc8fd18 0x3fc8fd80 0x00000000 0x00000000 0x00000001 0x00000000
3fc92c60: 0x00000000 0x00000000 0x42004e48 0x00000000 0x00000000 0x00000000 0x00000000 0x00000000
3fc92c80: 0x00000000 0x00000000 0x00000000 0x00000000 0x00000000 0x00000000 0x00000000 0x00000000
3fc92ca0: 0x00000000 0x00000000 0x00000000 0x00000000 0x00000000 0x00000000 0x00000000 0x00000000
3fc92cc0: 0x00000000 0x00000000 0x00000000 0x00000000 0x00000000 0x00000000 0x00000000 0x00000000
3fc92ce0: 0x00000000 0x00000000 0x00000000 0x00000000 0x00000000 0x00000000 0x00000000 0x00000000



ELF file SHA256: f5ddbfdb2

Rebooting...
ESP-ROM:esp32c3-api1-20210207
Build:Feb  7 2021
rst:0xc (RTC_SW_CPU_RST),boot:0xc (SPI_FAST_FLASH_BOOT)
Saved PC:0x40380838
SPIWP:0xee
mode:DIO, clock div:1
load:0x3fcd5820,len:0x1574
load:0x403cc710,len:0xc30
load:0x403ce710,len:0x2f58
entry 0x403cc71a
[0;32mI (35) boot: ESP-IDF v5.4-dirty 2nd stage bootloader[0m
[0;32mI (35) boot: compile time Feb  1 2025 15:13:01[0m
[0;32mI (35) boot: chip revision: v0.4[0m
[0;32mI (35) boot: efuse block revision: v1.3[0m
[0;32mI (39) boot.esp32c3: SPI Speed      : 80MHz[0m
[0;32mI (43) boot.esp32c3: SPI Mode       : DIO[0m
[0;32mI (47) boot.esp32c3: SPI Flash Size : 4MB[0m
[0;32mI (50) boot: Enabling RNG early entropy source...[0m
[0;32mI (55) boot: Partition Table:[0m
[0;32mI (58) boot: ## Label            Usage          Type ST Offset   Length[0m
[0;32mI (64) boot:  0 nvs              WiFi data        01 02 00009000 00006000[0m
[0;32mI (70) boot:  1 phy_init         RF data          01 01 0000f000 00001000[0m
[0;32mI (77) boot:  2 factory          factory app      00 00 00010000 00100000[0m
[0;32mI (83) boot: End of partition table[0m
[0;32mI (87) esp_image: segment 0: paddr=00010020 vaddr=3c020020 size=0a128h ( 41256) map[0m
[0;32mI (101) esp_image: segment 1: paddr=0001a150 vaddr=3fc8d400 size=01314h (  4884) load[0m
[0;32mI (102) esp_image: segment 2: paddr=0001b46c vaddr=40380000 size=04bach ( 19372) load[0m
[0;32mI (113) esp_image: segment 3: paddr=00020020 vaddr=42000020 size=1a390h (107408) map[0m
[0;32mI (134) esp_image: segment 4: paddr=0003a3b8 vaddr=40384bac size=08678h ( 34424) load[0m
[0;32mI (140) esp_image: segment 5: paddr=00042a38 vaddr=50000200 size=0001ch (    28) load[0m
[0;32mI (144) boot: Loaded app from partition at offset 0x10000[0m
[0;32mI (145) boot: Disabling RNG early entropy source...[0m
[0;32mI (159) cpu_start: Unicore app[0m
[0;32mI (167) cpu_start: Pro cpu start user code[0m
[0;32mI (167) cpu_start: cpu freq: 160000000 Hz[0m
[0;32mI (167) app_init: Application information:[0m
[0;32mI (167) app_init: Project name:     max30102_test[0m
[0;32mI (172) app_init: App version:      b72f95d-dirty[0m
[0;32mI (176) app_init: Compile time:     Feb  1 2025 15:12:55[0m
[0;32mI (181) app_init: ELF file SHA256:  f5ddbfdb2...[0m
[0;32mI (185) app_init: ESP-IDF:          v5.4-dirty[0m
[0;32mI (190) efuse_init: Min chip rev:     v0.4[0m
[0;32mI (193) efuse_init: Max chip rev:     v1.99 [0m
[0;32mI (197) efuse_init: Chip rev:         v0.4[0m
[0;32mI (201) heap_init: Initializing. RAM available for dynamic allocation:[0m
[0;32mI (208) heap_init: At 3FC8F670 len 00030990 (194 KiB): RAM[0m
[0;32mI (213) heap_init: At 3FCC0000 len 0001C710 (113 KiB): Retention RAM[0m
[0;32mI (219) heap_init: At 3FCDC710 len 00002950 (10 KiB): Retention RAM[0m
[0;32mI (225) heap_init: At 5000021C len 00001DCC (7 KiB): RTCRAM[0m
[0;32mI (231) spi_flash: detected chip: generic[0m
[0;32mI (234) spi_flash: flash io: dio[0m
[0;33mW (237) i2c: This driver is an old driver, please migrate your application code to adapt `driver/i2c_master.h`[0m
[0;32mI (247) sleep_gpio: Configure to isolate all GPIO pins in sleep state[0m
[0;32mI (253) sleep_gpio: Enable automatic switching of GPIO sleep configuration[0m
[0;32mI (271) main_task: Started on CPU0[0m
[0;32mI (271) main_task: Calling app_main()[0m
[0;32mI (271) MAX30102: Initializing I2C for MAX30102...[0m
[0;32mI (271) MAX30102: I2cdev initalized ![0m

assert failed: i2c_ll_master_cal_bus_clk /IDF/components/hal/esp32c3/include/hal/i2c_ll.h:115 (clk_cal->scl_wait_high < clk_cal->sda_sample && clk_cal->sda_sample < clk_cal->scl_high)
Core  0 register dump:
MEPC    : 0x40380880  RA      : 0x403852d6  SP      : 0x3fc92900  GP      : 0x3fc8dc00  
TP      : 0x3fc92be0  T0      : 0x37363534  T1      : 0x7271706f  T2      : 0x33323130  
S0/FP   : 0x00000010  S1      : 0x00000001  A0      : 0x3fc9293c  A1      : 0x3fc8dfb5  
A2      : 0x00000001  A3      : 0x00000029  A4      : 0x00000001  A5      : 0x3fc8f000  
A6      : 0x7a797877  A7      : 0x76757473  S2      : 0x00000009  S3      : 0x3fc92ac7  
S4      : 0x3fc8dfb4  S5      : 0x00000001  S6      : 0x00000000  S7      : 0x00000000  
S8      : 0x00000000  S9      : 0x00000000  S10     : 0x00000000  S11     : 0x00000000  
T3      : 0x6e6d6c6b  T4      : 0x6a696867  T5      : 0x66656463  T6      : 0x62613938  
MSTATUS : 0x00001881  MTVEC   : 0x40380001  MCAUSE  : 0x00000002  MTVAL   : 0x00000000  
MHARTID : 0x00000000  

Stack memory:
3fc92900: 0xa5a5a5a5 0xa5a5a5a5 0x3c029380 0x4038bc2a 0x3fc8dc9c 0x3c029380 0x3fc8dcac 0x3c027138
3fc92920: 0x3fc8dcb0 0x3fc92934 0x3fc8dcb4 0x3c0270e0 0x3fc8dfb4 0x00353131 0xa5a5a5a5 0x65737361
3fc92940: 0x66207472 0x656c6961 0x69203a64 0x6c5f6332 0x616d5f6c 0x72657473 0x6c61635f 0x7375625f
3fc92960: 0x6b6c635f 0x44492f20 0x6f632f46 0x6e6f706d 0x73746e65 0x6c61682f 0x7073652f 0x33633233
3fc92980: 0x636e692f 0x6564756c 0x6c61682f 0x6332692f 0x2e6c6c5f 0x31313a68 0x63282035 0x635f6b6c
3fc929a0: 0x3e2d6c61 0x5f6c6373 0x74696177 0x6769685f 0x203c2068 0x5f6b6c63 0x2d6c6163 0x6164733e
3fc929c0: 0x6d61735f 0x20656c70 0x63202626 0x635f6b6c 0x3e2d6c61 0x5f616473 0x706d6173 0x3c20656c
3fc929e0: 0x6b6c6320 0x6c61635f 0x63733e2d 0x69685f6c 0x00296867 0xa5a5a5a5 0xa5a5a5a5 0xa5a5a5a5
3fc92a00: 0xa5a5a5a5 0x00000000 0x00000000 0xa5000000 0xa5a5a5a5 0xa5a5a5a5 0x00000000 0x00000000
3fc92a20: 0x0000ffff 0x3fc92a5c 0x0000ffff 0x4200feb8 0xa5a5a5a5 0xa5a5a5a5 0x00000009 0x00000000
3fc92a40: 0x3fc8d690 0x3fc92a5c 0x3fc8d690 0x4200ff30 0xa5a5a5a5 0xa5a5a5a5 0x00000000 0xffff0000
3fc92a60: 0xffff0000 0xffffffff 0xffffffff 0x42000021 0x3fc92b78 0x0000000a 0x00000000 0x4200eec6
3fc92a80: 0xa5a5a5a5 0x00000000 0x00000001 0x3fc92b0f 0x3fc92b78 0x00000000 0x3fc92b74 0x42009392
3fc92aa0: 0x00000001 0x00000008 0x00000009 0x00000000 0x00000000 0x00000000 0x00000000 0x40385902
3fc92ac0: 0x00000000 0x3fc92b2f 0x3fc92b74 0x42009628 0x00000000 0x00000001 0x3fc92d3c 0x40385f78
3fc92ae0: 0x00000000 0x00000000 0x00000000 0x00000000 0x00000000 0x3fc92b74 0x00000000 0x4200994c
3fc92b00: 0x00000000 0x3fc92b74 0x3fc92b74 0xff00952e 0xa5a5a5a5 0xa5a5a5a5 0x00000000 0x4200999c
3fc92b20: 0xa5a5a5a5 0xa5a5a5a5 0x00000000 0x420099de 0xa5a5a5a5 0x00000000 0x00000000 0x4200913e
3fc92b40: 0x4038620c 0x00000000 0x00000000 0x3fc8dc00 0x3fc92be0 0x00000000 0x00000000 0x00000000
3fc92b60: 0x00000000 0x00000000 0x420090d6 0x00000000 0x00000000 0x00000000 0x00000000 0x00000008
3fc92b80: 0x00000009 0x00000000 0x00000000 0x00000000 0x00000000 0x00000057 0x3fc92d3c 0x00000000
3fc92ba0: 0x00000000 0x00000000 0x00000000 0x40386218 0x00000000 0x00000000 0x00000000 0x00000000
3fc92bc0: 0x00000000 0x00000000 0x00000000 0x00000000 0x00000000 0xa5a5a5a5 0xa5a5a5a5 0xa5a5a5a5
3fc92be0: 0xa5a5a5a5 0x00000150 0x3fc92b40 0x00000000 0x3fc8e928 0x3fc8e928 0x3fc92be8 0x3fc8e920
3fc92c00: 0x00000014 0x00000000 0x00000000 0x3fc92be8 0x00000000 0x00000005 0x3fc91be4 0x3378616d
3fc92c20: 0x32303130 0x7365745f 0x00000074 0x3fc92be0 0x00000005 0x00000002 0x00000000 0x00000000
3fc92c40: 0x00000000 0x3fc8fcb0 0x3fc8fd18 0x3fc8fd80 0x00000000 0x00000000 0x00000001 0x00000000
3fc92c60: 0x00000000 0x00000000 0x42004e48 0x00000000 0x00000000 0x00000000 0x00000000 0x00000000
3fc92c80: 0x00000000 0x00000000 0x00000000 0x00000000 0x00000000 0x00000000 0x00000000 0x00000000
3fc92ca0: 0x00000000 0x00000000 0x00000000 0x00000000 0x00000000 0x00000000 0x00000000 0x00000000
3fc92cc0: 0x00000000 0x00000000 0x00000000 0x00000000 0x00000000 0x00000000 0x00000000 0x00000000
3fc92ce0: 0x00000000 0x00000000 0x00000000 0x00000000 0x00000000 0x00000000 0x00000000 0x00000000



ELF file SHA256: f5ddbfdb2

Rebooting...
ESP-ROM:esp32c3-api1-20210207
Build:Feb  7 2021
rst:0xc (RTC_SW_CPU_RST),boot:0xc (SPI_FAST_FLASH_BOOT)
Saved PC:0x40380838
SPIWP:0xee
mode:DIO, clock div:1
load:0x3fcd5820,len:0x1574
load:0x403cc710,len:0xc30
load:0x403ce710,len:0x2f58
entry 0x403cc71a
[0;32mI (35) boot: ESP-IDF v5.4-dirty 2nd stage bootloader[0m
[0;32mI (35) boot: compile time Feb  1 2025 15:13:01[0m
[0;32mI (35) boot: chip revision: v0.4[0m
[0;32mI (35) boot: efuse block revision: v1.3[0m
[0;32mI (39) boot.esp32c3: SPI Speed      : 80MHz[0m
[0;32mI (43) boot.esp32c3: SPI Mode       : DIO[0m
[0;32mI (47) boot.esp32c3: SPI Flash Size : 4MB[0m
[0;32mI (50) boot: Enabling RNG early entropy source...[0m
[0;32mI (55) boot: Partition Table:[0m
[0;32mI (58) boot: ## Label            Usage          Type ST Offset   Length[0m
[0;32mI (64) boot:  0 nvs              WiFi data        01 02 00009000 00006000[0m
[0;32mI (70) boot:  1 phy_init         RF data          01 01 0000f000 00001000[0m
[0;32mI (77) boot:  2 factory          factory app      00 00 00010000 00100000[0m
[0;32mI (83) boot: End of partition table[0m
[0;32mI (87) esp_image: segment 0: paddr=00010020 vaddr=3c020020 size=0a128h ( 41256) map[0m
[0;32mI (101) esp_image: segment 1: paddr=0001a150 vaddr=3fc8d400 size=01314h (  4884) load[0m
[0;32mI (102) esp_image: segment 2: paddr=0001b46c vaddr=40380000 size=04bach ( 19372) load[0m
[0;32mI (113) esp_image: segment 3: paddr=00020020 vaddr=42000020 size=1a390h (107408) map[0m
[0;32mI (134) esp_image: segment 4: paddr=0003a3b8 vaddr=40384bac size=08678h ( 34424) load[0m
[0;32mI (140) esp_image: segment 5: paddr=00042a38 vaddr=50000200 size=0001ch (    28) load[0m
[0;32mI (144) boot: Loaded app from partition at offset 0x10000[0m
[0;32mI (145) boot: Disabling RNG early entropy source...[0m
[0;32mI (159) cpu_start: Unicore app[0m
[0;32mI (167) cpu_start: Pro cpu start user code[0m
[0;32mI (167) cpu_start: cpu freq: 160000000 Hz[0m
[0;32mI (167) app_init: Application information:[0m
[0;32mI (167) app_init: Project name:     max30102_test[0m
[0;32mI (172) app_init: App version:      b72f95d-dirty[0m
[0;32mI (176) app_init: Compile time:     Feb  1 2025 15:12:55[0m
[0;32mI (181) app_init: ELF file SHA256:  f5ddbfdb2...[0m
[0;32mI (185) app_init: ESP-IDF:          v5.4-dirty[0m
[0;32mI (190) efuse_init: Min chip rev:     v0.4[0m
[0;32mI (193) efuse_init: Max chip rev:     v1.99 [0m
[0;32mI (197) efuse_init: Chip rev:         v0.4[0m
[0;32mI (201) heap_init: Initializing. RAM available for dynamic allocation:[0m
[0;32mI (208) heap_init: At 3FC8F670 len 00030990 (194 KiB): RAM[0m
[0;32mI (213) heap_init: At 3FCC0000 len 0001C710 (113 KiB): Retention RAM[0m
[0;32mI (219) heap_init: At 3FCDC710 len 00002950 (10 KiB): Retention RAM[0m
[0;32mI (225) heap_init: At 5000021C len 00001DCC (7 KiB): RTCRAM[0m
[0;32mI (231) spi_flash: detected chip: generic[0m
[0;32mI (234) spi_flash: flash io: dio[0m
[0;33mW (237) i2c: This driver is an old driver, please migrate your application code to adapt `driver/i2c_master.h`[0m
[0;32mI (247) sleep_gpio: Configure to isolate all GPIO pins in sleep state[0m
[0;32mI (253) sleep_gpio: Enable automatic switching of GPIO sleep configuration[0m
[0;32mI (271) main_task: Started on CPU0[0m
[0;32mI (271) main_task: Calling app_main()[0m
[0;32mI (271) MAX30102: Initializing I2C for MAX30102...[0m
[0;32mI (271) MAX30102: I2cdev initalized ![0m

assert failed: i2c_ll_master_cal_bus_clk /IDF/components/hal/esp32c3/include/hal/i2c_ll.h:115 (clk_cal->scl_wait_high < clk_cal->sda_sample && clk_cal->sda_sample < clk_cal->scl_high)
Core  0 register dump:
MEPC    : 0x40380880  RA      : 0x403852d6  SP      : 0x3fc92900  GP      : 0x3fc8dc00  
TP      : 0x3fc92be0  T0      : 0x37363534  T1      : 0x7271706f  T2      : 0x33323130  
S0/FP   : 0x00000010  S1      : 0x00000001  A0      : 0x3fc9293c  A1      : 0x3fc8dfb5  
A2      : 0x00000001  A3      : 0x00000029  A4      : 0x00000001  A5      : 0x3fc8f000  
A6      : 0x7a797877  A7      : 0x76757473  S2      : 0x00000009  S3      : 0x3fc92ac7  
