xï¿½xBï¿½ï¿½ESP-ROM:esp32c3-api1-20210207
Build:Feb  7 2021
rst:0x1 (POWERON),boot:0xc (SPI_FAST_FLASH_BOOT)
SPIWP:0xee
mode:DIO, clock div:1
load:0x3fcd5820,len:0x1574
load:0x403cc710,len:0xc30
load:0x403ce710,len:0x2f58
entry 0x403cc71a
[0;32mI (30) boot: ESP-IDF v5.4-dirty 2nd stage bootloader[0m
[0;32mI (30) boot: compile time Feb 15 2025 01:01:51[0m
[0;32mI (30) boot: chip revision: v0.4[0m
[0;32mI (31) boot: efuse block revision: v1.3[0m
[0;32mI (34) boot.esp32c3: SPI Speed      : 80MHz[0m
[0;32mI (38) boot.esp32c3: SPI Mode       : DIO[0m
[0;32mI (42) boot.esp32c3: SPI Flash Size : 4MB[0m
[0;32mI (46) boot: Enabling RNG early entropy source...[0m
[0;32mI (50) boot: Partition Table:[0m
[0;32mI (53) boot: ## Label            Usage          Type ST Offset   Length[0m
[0;32mI (59) boot:  0 nvs              WiFi data        01 02 00009000 00006000[0m
[0;32mI (66) boot:  1 phy_init         RF data          01 01 0000f000 00001000[0m
[0;32mI (72) boot:  2 factory          factory app      00 00 00010000 00100000[0m
[0;32mI (79) boot: End of partition table[0m
[0;32mI (82) esp_image: segment 0: paddr=00010020 vaddr=3c020020 size=09f14h ( 40724) map[0m
[0;32mI (96) esp_image: segment 1: paddr=00019f3c vaddr=3fc8cc00 size=015a4h (  5540) load[0m
[0;32mI (98) esp_image: segment 2: paddr=0001b4e8 vaddr=40380000 size=04b30h ( 19248) load[0m
[0;32mI (108) esp_image: segment 3: paddr=00020020 vaddr=42000020 size=1ba84h (113284) map[0m
[0;32mI (130) esp_image: segment 4: paddr=0003baac vaddr=40384b30 size=07fb8h ( 32696) load[0m
[0;32mI (136) esp_image: segment 5: paddr=00043a6c vaddr=50000200 size=0001ch (    28) load[0m
[0;32mI (140) boot: Loaded app from partition at offset 0x10000[0m
[0;32mI (140) boot: Disabling RNG early entropy source...[0m
[0;32mI (155) cpu_start: Unicore app[0m
[0;32mI (163) cpu_start: Pro cpu start user code[0m
[0;32mI (163) cpu_start: cpu freq: 160000000 Hz[0m
[0;32mI (163) app_init: Application information:[0m
[0;32mI (163) app_init: Project name:     RGB_blinkLED[0m
[0;32mI (167) app_init: App version:      336f30d-dirty[0m
[0;32mI (172) app_init: Compile time:     Feb 15 2025 01:07:00[0m
[0;32mI (177) app_init: ELF file SHA256:  0b86de7e0...[0m
[0;32mI (181) app_init: ESP-IDF:          v5.4-dirty[0m
[0;32mI (185) efuse_init: Min chip rev:     v0.4[0m
[0;32mI (189) efuse_init: Max chip rev:     v1.99 [0m
[0;32mI (193) efuse_init: Chip rev:         v0.4[0m
[0;32mI (197) heap_init: Initializing. RAM available for dynamic allocation:[0m
[0;32mI (203) heap_init: At 3FC8F0F0 len 00030F10 (195 KiB): RAM[0m
[0;32mI (209) heap_init: At 3FCC0000 len 0001C710 (113 KiB): Retention RAM[0m
[0;32mI (215) heap_init: At 3FCDC710 len 00002950 (10 KiB): Retention RAM[0m
[0;32mI (221) heap_init: At 5000021C len 00001DCC (7 KiB): RTCRAM[0m
[0;32mI (227) spi_flash: detected chip: generic[0m
[0;32mI (230) spi_flash: flash io: dio[0m
[0;32mI (233) sleep_gpio: Configure to isolate all GPIO pins in sleep state[0m
[0;32mI (239) sleep_gpio: Enable automatic switching of GPIO sleep configuration[0m
[0;32mI (257) main_task: Started on CPU0[0m
[0;32mI (267) main_task: Calling app_main()[0m
[0;32mI (267) WS2812_RGB: Configuring WS2812 LED...[0m
[0;32mI (277) WS2812_RGB: Setting LED to RED...[0m
[0;32mI (1277) WS2812_RGB: Setting LED to Green...[0m
[0;32mI (2277) WS2812_RGB: Setting LED to Blue...[0m
[0;32mI (3277) WS2812_RGB: Setting LED to Rainbow...[0m
[1;31mE (3277) rmt: rmt_transmit(547): invalid argument[0m
ESP_ERROR_CHECK failed: esp_err_t 0x102 (ESP_ERR_INVALID_ARG) at 0x4200940c
file: "./main/main.c" line 58
func: rainbowEffect_task
expression: rmt_transmit(led_chan, led_encoder, led_color, sizeof(led_color), NULL)

abort() was called at PC 0x40384c09 on core 0
Core  0 register dump:
MEPC    : 0x40380880  RA      : 0x40384c14  SP      : 0x3fc90ab0  GP      : 0x3fc8d400  
TP      : 0x3fc90c00  T0      : 0x37363534  T1      : 0x7271706f  T2      : 0x33323130  
S0/FP   : 0x00000004  S1      : 0x3fc90b14  A0      : 0x3fc90adc  A1      : 0x3fc90b12  
A2      : 0x00000000  A3      : 0x3fc90b09  A4      : 0x00000001  A5      : 0x3fc8f000  
A6      : 0x7a797877  A7      : 0x76757473  S2      : 0x00000000  S3      : 0x000000c8  
S4      : 0x00000000  S5      : 0x00000000  S6      : 0x00000000  S7      : 0x00000000  
S8      : 0x00000000  S9      : 0x00000000  S10     : 0x00000000  S11     : 0x00000000  
T3      : 0x6e6d6c6b  T4      : 0x6a696867  T5      : 0x66656463  T6      : 0x62613938  
MSTATUS : 0x00001881  MTVEC   : 0x40380001  MCAUSE  : 0x00000002  MTVAL   : 0x00000000  
MHARTID : 0x00000000  

Stack memory:
3fc90ab0: 0x3c024864 0x42009410 0x3fc90b10 0x4038b310 0x3fc919ac 0x00000000 0x3fc9160c 0x3fc8d4bc
3fc90ad0: 0x3fc90b14 0x3fc8d4d8 0x3fc90b10 0x726f6261 0x20292874 0x20736177 0x6c6c6163 0x61206465
3fc90af0: 0x43502074 0x34783020 0x34383330 0x20393063 0x63206e6f 0x2065726f 0x00000030 0x00000000
3fc90b10: 0x00000030 0x38333034 0x39306334 0x00000000 0x00000000 0x00000102 0x00000000 0x40384c0c
3fc90b30: 0x00000000 0x00000000 0x00000000 0x42009410 0x60016400 0x00000001 0x000000ff 0xff0000aa
3fc90b50: 0x00000000 0x00000000 0x00000064 0x00000000 0x00000000 0x00000000 0x3c023000 0x420096b4
3fc90b70: 0x3fff0000 0x00000000 0x00000000 0x00989680 0x00000000 0x00000008 0x00000004 0x00989680
3fc90b90: 0x00000040 0x00000004 0x00000000 0x00000000 0x3c023748 0x00000101 0xfe7fffff 0x4201b1c8
3fc90bb0: 0x00000000 0x00001388 0x00000001 0x00000000 0x00000000 0x00000000 0x00000000 0x40385b56
3fc90bd0: 0x00000000 0x00000000 0x00000000 0x00000000 0x00000000 0x00000000 0x00000000 0x00000000
3fc90bf0: 0x00000000 0xa5a5a5a5 0xa5a5a5a5 0xa5a5a5a5 0xa5a5a5a5 0xa5a5a5a5 0xa5a5a5a5 0x00000150
3fc90c10: 0x3fc909c0 0x0000012e 0x3fc8e368 0x3fc8e368 0x3fc90c10 0x3fc8e360 0x00000018 0x00000000
3fc90c30: 0x00000000 0x3fc90c10 0x00000000 0x00000001 0x3fc8fc0c 0x6e69616d 0x00000000 0x00000000
3fc90c50: 0x00000000 0x3fc90c00 0x00000001 0x00000000 0x00000000 0x00000000 0x00000000 0x3fc8f730
3fc90c70: 0x3fc8f798 0x3fc8f800 0x00000000 0x00000000 0x00000001 0x00000000 0x00000000 0x00000000
3fc90c90: 0x42004e90 0x00000000 0x00000000 0x00000000 0x00000000 0x00000000 0x00000000 0x00000000
3fc90cb0: 0x00000000 0x00000000 0x00000000 0x00000000 0x00000000 0x00000000 0x00000000 0x00000000
3fc90cd0: 0x00000000 0x00000000 0x00000000 0x00000000 0x00000000 0x00000000 0x00000000 0x00000000
3fc90cf0: 0x00000000 0x00000000 0x00000000 0x00000000 0x00000000 0x00000000 0x00000000 0x00000000
3fc90d10: 0x00000000 0x00000000 0x00000000 0x00000000 0x00000000 0x00000000 0x00000000 0x00000000
3fc90d30: 0x00000000 0x00000000 0x00000000 0x00000000 0x00000000 0x00000000 0x00000000 0x00000000
3fc90d50: 0x00000000 0x00000000 0x00000000 0x00000000 0x00000600 0xa5a5a5a5 0xa5a5a5a5 0xa5a5a5a5
3fc90d70: 0xa5a5a5a5 0xa5a5a5a5 0xa5a5a5a5 0xa5a5a5a5 0xa5a5a5a5 0xa5a5a5a5 0xa5a5a5a5 0xa5a5a5a5
3fc90d90: 0xa5a5a5a5 0xa5a5a5a5 0xa5a5a5a5 0xa5a5a5a5 0xa5a5a5a5 0xa5a5a5a5 0xa5a5a5a5 0xa5a5a5a5
3fc90db0: 0xa5a5a5a5 0xa5a5a5a5 0xa5a5a5a5 0xa5a5a5a5 0xa5a5a5a5 0xa5a5a5a5 0xa5a5a5a5 0xa5a5a5a5
3fc90dd0: 0xa5a5a5a5 0xa5a5a5a5 0xa5a5a5a5 0xa5a5a5a5 0xa5a5a5a5 0xa5a5a5a5 0xa5a5a5a5 0xa5a5a5a5
3fc90df0: 0xa5a5a5a5 0xa5a5a5a5 0xa5a5a5a5 0xa5a5a5a5 0xa5a5a5a5 0xa5a5a5a5 0xa5a5a5a5 0xa5a5a5a5
3fc90e10: 0xa5a5a5a5 0xa5a5a5a5 0xa5a5a5a5 0xa5a5a5a5 0xa5a5a5a5 0xa5a5a5a5 0xa5a5a5a5 0xa5a5a5a5
3fc90e30: 0xa5a5a5a5 0xa5a5a5a5 0xa5a5a5a5 0xa5a5a5a5 0xa5a5a5a5 0xa5a5a5a5 0xa5a5a5a5 0xa5a5a5a5
3fc90e50: 0xa5a5a5a5 0xa5a5a5a5 0xa5a5a5a5 0xa5a5a5a5 0xa5a5a5a5 0xa5a5a5a5 0xa5a5a5a5 0xa5a5a5a5
3fc90e70: 0xa5a5a5a5 0xa5a5a5a5 0xa5a5a5a5 0xa5a5a5a5 0xa5a5a5a5 0xa5a5a5a5 0xa5a5a5a5 0xa5a5a5a5
3fc90e90: 0xa5a5a5a5 0xa5a5a5a5 0xa5a5a5a5 0xa5a5a5a5 0xa5a5a5a5 0xa5a5a5a5 0xa5a5a5a5 0xa5a5a5a5



ELF file SHA256: 0b86de7e0

Rebooting...
ESP-ROM:esp32c3-api1-20210207
Build:Feb  7 2021
rst:0xc (RTC_SW_CPU_RST),boot:0xc (SPI_FAST_FLASH_BOOT)
Saved PC:0x40380838
SPIWP:0xee
mode:DIO, clock div:1
load:0x3fcd5820,len:0x1574
load:0x403cc710,len:0xc30
load:0x403ce710,len:0x2f58
entry 0x403cc71a
[0;32mI (35) boot: ESP-IDF v5.4-dirty 2nd stage bootloader[0m
[0;32mI (35) boot: compile time Feb 15 2025 01:01:51[0m
[0;32mI (35) boot: chip revision: v0.4[0m
[0;32mI (35) boot: efuse block revision: v1.3[0m
[0;32mI (39) boot.esp32c3: SPI Speed      : 80MHz[0m
[0;32mI (43) boot.esp32c3: SPI Mode       : DIO[0m
[0;32mI (47) boot.esp32c3: SPI Flash Size : 4MB[0m
[0;32mI (50) boot: Enabling RNG early entropy source...[0m
[0;32mI (55) boot: Partition Table:[0m
[0;32mI (58) boot: ## Label            Usage          Type ST Offset   Length[0m
[0;32mI (64) boot:  0 nvs              WiFi data        01 02 00009000 00006000[0m
[0;32mI (70) boot:  1 phy_init         RF data          01 01 0000f000 00001000[0m
[0;32mI (77) boot:  2 factory          factory app      00 00 00010000 00100000[0m
[0;32mI (83) boot: End of partition table[0m
[0;32mI (87) esp_image: segment 0: paddr=00010020 vaddr=3c020020 size=09f14h ( 40724) map[0m
[0;32mI (101) esp_image: segment 1: paddr=00019f3c vaddr=3fc8cc00 size=015a4h (  5540) load[0m
[0;32mI (103) esp_image: segment 2: paddr=0001b4e8 vaddr=40380000 size=04b30h ( 19248) load[0m
[0;32mI (113) esp_image: segment 3: paddr=00020020 vaddr=42000020 size=1ba84h (113284) map[0m
[0;32mI (135) esp_image: segment 4: paddr=0003baac vaddr=40384b30 size=07fb8h ( 32696) load[0m
[0;32mI (141) esp_image: segment 5: paddr=00043a6c vaddr=50000200 size=0001ch (    28) load[0m
[0;32mI (145) boot: Loaded app from partition at offset 0x10000[0m
[0;32mI (145) boot: Disabling RNG early entropy source...[0m
[0;32mI (160) cpu_start: Unicore app[0m
[0;32mI (168) cpu_start: Pro cpu start user code[0m
[0;32mI (168) cpu_start: cpu freq: 160000000 Hz[0m
[0;32mI (168) app_init: Application information:[0m
[0;32mI (168) app_init: Project name:     RGB_blinkLED[0m
[0;32mI (172) app_init: App version:      336f30d-dirty[0m
[0;32mI (177) app_init: Compile time:     Feb 15 2025 01:07:00[0m
[0;32mI (182) app_init: ELF file SHA256:  0b86de7e0...[0m
[0;32mI (186) app_init: ESP-IDF:          v5.4-dirty[0m
[0;32mI (190) efuse_init: Min chip rev:     v0.4[0m
[0;32mI (194) efuse_init: Max chip rev:     v1.99 [0m
[0;32mI (198) efuse_init: Chip rev:         v0.4[0m
[0;32mI (202) heap_init: Initializing. RAM available for dynamic allocation:[0m
[0;32mI (208) heap_init: At 3FC8F0F0 len 00030F10 (195 KiB): RAM[0m
[0;32mI (214) heap_init: At 3FCC0000 len 0001C710 (113 KiB): Retention RAM[0m
[0;32mI (220) heap_init: At 3FCDC710 len 00002950 (10 KiB): Retention RAM[0m
[0;32mI (226) heap_init: At 5000021C len 00001DCC (7 KiB): RTCRAM[0m
[0;32mI (232) spi_flash: detected chip: generic[0m
[0;32mI (235) spi_flash: flash io: dio[0m
[0;32mI (238) sleep_gpio: Configure to isolate all GPIO pins in sleep state[0m
[0;32mI (244) sleep_gpio: Enable automatic switching of GPIO sleep configuration[0m
[0;32mI (262) main_task: Started on CPU0[0m
[0;32mI (272) main_task: Calling app_main()[0m
[0;32mI (272) WS2812_RGB: Configuring WS2812 LED...[0m
[0;32mI (282) WS2812_RGB: Setting LED to RED...[0m
[0;32mI (1282) WS2812_RGB: Setting LED to Green...[0m
[0;32mI (2282) WS2812_RGB: Setting LED to Blue...[0m
[0;32mI (3282) WS2812_RGB: Setting LED to Rainbow...[0m
[1;31mE (3282) rmt: rmt_transmit(547): invalid argument[0m
ESP_ERROR_CHECK failed: esp_err_t 0x102 (ESP_ERR_INVALID_ARG) at 0x4200940c
file: "./main/main.c" line 58
func: rainbowEffect_task
expression: rmt_transmit(led_chan, led_encoder, led_color, sizeof(led_color), NULL)

abort() was called at PC 0x40384c09 on core 0
Core  0 register dump:
MEPC    : 0x40380880  RA      : 0x40384c14  SP      : 0x3fc90ab0  GP      : 0x3fc8d400  
TP      : 0x3fc90c00  T0      : 0x37363534  T1      : 0x7271706f  T2      : 0x33323130  
S0/FP   : 0x00000004  S1      : 0x3fc90b14  A0      : 0x3fc90adc  A1      : 0x3fc90b12  
A2      : 0x00000000  A3      : 0x3fc90b09  A4      : 0x00000001  A5      : 0x3fc8f000  
A6      : 0x7a797877  A7      : 0x76757473  S2      : 0x00000000  S3      : 0x000000c8  
S4      : 0x00000000  S5      : 0x00000000  S6      : 0x00000000  S7      : 0x00000000  
S8      : 0x00000000  S9      : 0x00000000  S10     : 0x00000000  S11     : 0x00000000  
T3      : 0x6e6d6c6b  T4      : 0x6a696867  T5      : 0x66656463  T6      : 0x62613938  
MSTATUS : 0x00001881  MTVEC   : 0x40380001  MCAUSE  : 0x00000002  MTVAL   : 0x00000000  
MHARTID : 0x00000000  

Stack memory:
3fc90ab0: 0x3c024864 0x42009410 0x3fc90b10 0x4038b310 0x3fc919ac 0x00000000 0x3fc9160c 0x3fc8d4bc
3fc90ad0: 0x3fc90b14 0x3fc8d4d8 0x3fc90b10 0x726f6261 0x20292874 0x20736177 0x6c6c6163 0x61206465
3fc90af0: 0x43502074 0x34783020 0x34383330 0x20393063 0x63206e6f 0x2065726f 0x00000030 0x00000000
3fc90b10: 0x00000030 0x38333034 0x39306334 0x00000000 0x00000000 0x00000102 0x00000000 0x40384c0c
3fc90b30: 0x00000000 0x00000000 0x00000000 0x42009410 0x60016400 0x00000001 0x000000ff 0xff0000aa
3fc90b50: 0x00000000 0x00000000 0x00000064 0x00000000 0x00000000 0x00000000 0x3c023000 0x420096b4
3fc90b70: 0x3fff0000 0x00000000 0x00000000 0x00989680 0x00000000 0x00000008 0x00000004 0x00989680
3fc90b90: 0x00000040 0x00000004 0x00000000 0x00000000 0x3c023748 0x00000106 0xfe7fffff 0x4201b1c8
3fc90bb0: 0x00000000 0x00001388 0x00000001 0x00000000 0x00000000 0x00000000 0x00000000 0x40385b56
3fc90bd0: 0x00000000 0x00000000 0x00000000 0x00000000 0x00000000 0x00000000 0x00000000 0x00000000
3fc90bf0: 0x00000000 0xa5a5a5a5 0xa5a5a5a5 0xa5a5a5a5 0xa5a5a5a5 0xa5a5a5a5 0xa5a5a5a5 0x00000150
3fc90c10: 0x3fc909c0 0x0000012e 0x3fc8e368 0x3fc8e368 0x3fc90c10 0x3fc8e360 0x00000018 0x00000000
3fc90c30: 0x00000000 0x3fc90c10 0x00000000 0x00000001 0x3fc8fc0c 0x6e69616d 0x00000000 0x00000000
3fc90c50: 0x00000000 0x3fc90c00 0x00000001 0x00000000 0x00000000 0x00000000 0x00000000 0x3fc8f730
3fc90c70: 0x3fc8f798 0x3fc8f800 0x00000000 0x00000000 0x00000001 0x00000000 0x00000000 0x00000000
3fc90c90: 0x42004e90 0x00000000 0x00000000 0x00000000 0x00000000 0x00000000 0x00000000 0x00000000
3fc90cb0: 0x00000000 0x00000000 0x00000000 0x00000000 0x00000000 0x00000000 0x00000000 0x00000000
3fc90cd0: 0x00000000 0x00000000 0x00000000 0x00000000 0x00000000 0x00000000 0x00000000 0x00000000
3fc90cf0: 0x00000000 0x00000000 0x00000000 0x00000000 0x00000000 0x00000000 0x00000000 0x00000000
3fc90d10: 0x00000000 0x00000000 0x00000000 0x00000000 0x00000000 0x00000000 0x00000000 0x00000000
3fc90d30: 0x00000000 0x00000000 0x00000000 0x00000000 0x00000000 0x00000000 0x00000000 0x00000000
3fc90d50: 0x00000000 0x00000000 0x00000000 0x00000000 0x00000600 0xa5a5a5a5 0xa5a5a5a5 0xa5a5a5a5
3fc90d70: 0xa5a5a5a5 0xa5a5a5a5 0xa5a5a5a5 0xa5a5a5a5 0xa5a5a5a5 0xa5a5a5a5 0xa5a5a5a5 0xa5a5a5a5
3fc90d90: 0xa5a5a5a5 0xa5a5a5a5 0xa5a5a5a5 0xa5a5a5a5 0xa5a5a5a5 0xa5a5a5a5 0xa5a5a5a5 0xa5a5a5a5
3fc90db0: 0xa5a5a5a5 0xa5a5a5a5 0xa5a5a5a5 0xa5a5a5a5 0xa5a5a5a5 0xa5a5a5a5 0xa5a5a5a5 0xa5a5a5a5
3fc90dd0: 0xa5a5a5a5 0xa5a5a5a5 0xa5a5a5a5 0xa5a5a5a5 0xa5a5a5a5 0xa5a5a5a5 0xa5a5a5a5 0xa5a5a5a5
3fc90df0: 0xa5a5a5a5 0xa5a5a5a5 0xa5a5a5a5 0xa5a5a5a5 0xa5a5a5a5 0xa5a5a5a5 0xa5a5a5a5 0xa5a5a5a5
3fc90e10: 0xa5a5a5a5 0xa5a5a5a5 0xa5a5a5a5 0xa5a5a5a5 0xa5a5a5a5 0xa5a5a5a5 0xa5a5a5a5 0xa5a5a5a5
3fc90e30: 0xa5a5a5a5 0xa5a5a5a5 0xa5a5a5a5 0xa5a5a5a5 0xa5a5a5a5 0xa5a5a5a5 0xa5a5a5a5 0xa5a5a5a5
3fc90e50: 0xa5a5a5a5 0xa5a5a5a5 0xa5a5a5a5 0xa5a5a5a5 0xa5a5a5a5 0xa5a5a5a5 0xa5a5a5a5 0xa5a5a5a5
3fc90e70: 0xa5a5a5a5 0xa5a5a5a5 0xa5a5a5a5 0xa5a5a5a5 0xa5a5a5a5 0xa5a5a5a5 0xa5a5a5a5 0xa5a5a5a5
3fc90e90: 0xa5a5a5a5 0xa5a5a5a5 0xa5a5a5a5 0xa5a5a5a5 0xa5a5a5a5 0xa5a5a5a5 0xa5a5a5a5 0xa5a5a5a5



ELF file SHA256: 0b86de7e0

Rebooting...
ESP-ROM:esp32c3-api1-20210207
Build:Feb  7 2021
rst:0xc (RTC_SW_CPU_RST),boot:0xc (SPI_FAST_FLASH_BOOT)
Saved PC:0x40380838
SPIWP:0xee
mode:DIO, clock div:1
load:0x3fcd5820,len:0x1574
load:0x403cc710,len:0xc30
load:0x403ce710,len:0x2f58
entry 0x403cc71a
[0;32mI (35) boot: ESP-IDF v5.4-dirty 2nd stage bootloader[0m
[0;32mI (35) boot: compile time Feb 15 2025 01:01:51[0m
[0;32mI (35) boot: chip revision: v0.4[0m
[0;32mI (35) boot: efuse block revision: v1.3[0m
[0;32mI (39) boot.esp32c3: SPI Speed      : 80MHz[0m
[0;32mI (43) boot.esp32c3: SPI Mode       : DIO[0m
[0;32mI (47) boot.esp32c3: SPI Flash Size : 4MB[0m
[0;32mI (50) boot: Enabling RNG early entropy source...[0m
[0;32mI (55) boot: Partition Table:[0m
[0;32mI (58) boot: ## Label            Usage          Type ST Offset   Length[0m
[0;32mI (64) boot:  0 nvs              WiFi data        01 02 00009000 00006000[0m
[0;32mI (70) boot:  1 phy_init         RF data          01 01 0000f000 00001000[0m
[0;32mI (77) boot:  2 factory          factory app      00 00 00010000 00100000[0m
[0;32mI (83) boot: End of partition table[0m
[0;32mI (87) esp_image: segment 0: paddr=00010020 vaddr=3c020020 size=09f14h ( 40724) map[0m
[0;32mI (101) esp_image: segment 1: paddr=00019f3c vaddr=3fc8cc00 size=015a4h (  5540) load[0m
[0;32mI (103) esp_image: segment 2: paddr=0001b4e8 vaddr=40380000 size=04b30h ( 19248) load[0m
[0;32mI (113) esp_image: segment 3: paddr=00020020 vaddr=42000020 size=1ba84h (113284) map[0m
[0;32mI (135) esp_image: segment 4: paddr=0003baac vaddr=40384b30 size=07fb8h ( 32696) load[0m
[0;32mI (141) esp_image: segment 5: paddr=00043a6c vaddr=50000200 size=0001ch (    28) load[0m
[0;32mI (145) boot: Loaded app from partition at offset 0x10000[0m
[0;32mI (145) boot: Disabling RNG early entropy source...[0m
[0;32mI (160) cpu_start: Unicore app[0m
[0;32mI (168) cpu_start: Pro cpu start user code[0m
[0;32mI (168) cpu_start: cpu freq: 160000000 Hz[0m
[0;32mI (168) app_init: Application information:[0m
[0;32mI (168) app_init: Project name:     RGB_blinkLED[0m
[0;32mI (172) app_init: App version:      336f30d-dirty[0m
[0;32mI (177) app_init: Compile time:     Feb 15 2025 01:07:00[0m
[0;32mI (182) app_init: ELF file SHA256:  0b86de7e0...[0m
[0;32mI (186) app_init: ESP-IDF:          v5.4-dirty[0m
[0;32mI (190) efuse_init: Min chip rev:     v0.4[0m
[0;32mI (194) efuse_init: Max chip rev:     v1.99 [0m
[0;32mI (198) efuse_init: Chip rev:         v0.4[0m
[0;32mI (202) heap_init: Initializing. RAM available for dynamic allocation:[0m
[0;32mI (208) heap_init: At 3FC8F0F0 len 00030F10 (195 KiB): RAM[0m
[0;32mI (214) heap_init: At 3FCC0000 len 0001C710 (113 KiB): Retention RAM[0m
[0;32mI (220) heap_init: At 3FCDC710 len 00002950 (10 KiB): Retention RAM[0m
[0;32mI (226) heap_init: At 5000021C len 00001DCC (7 KiB): RTCRAM[0m
[0;32mI (232) spi_flash: detected chip: generic[0m
[0;32mI (235) spi_flash: flash io: dio[0m
[0;32mI (238) sleep_gpio: Configure to isolate all GPIO pins in sleep state[0m
[0;32mI (244) sleep_gpio: Enable automatic switching of GPIO sleep configuration[0m
[0;32mI (262) main_task: Started on CPU0[0m
[0;32mI (272) main_task: Calling app_main()[0m
[0;32mI (272) WS2812_RGB: Configuring WS2812 LED...[0m
[0;32mI (282) WS2812_RGB: Setting LED to RED...[0m
[0;32mI (1282) WS2812_RGB: Setting LED to Green...[0m
